// Jest Snapshot v1, https://goo.gl/fbAQLP

exports[`App renders 1`] = `
<div
  className="page-wrap"
>
  <section
    className="titlebar"
  >
    <h1
      className="header"
    >
      Cookable
    </h1>
  </section>
  <section
    className="main-content"
  >
    <h1
      className="section-title"
    >
      Recipes
    </h1>
    <table
      className="recipe-list"
    >
      <thead>
        <tr>
          <th>
            Title
          </th>
          <th>
            Type
          </th>
          <th>
            Prep time
          </th>
          <th>
            Source
          </th>
        </tr>
      </thead>
      <tbody>
        <tr>
          <td>
            Some Title
          </td>
          <td>
            Entree
          </td>
          <td>
            Under 30 min
          </td>
          <td>
            Epicurious
          </td>
        </tr>
      </tbody>
    </table>
  </section>
</div>
`;
